INFO:     Started server process [22232]
INFO:     Waiting for application startup.
INFO:     Application startup complete.
INFO:     Uvicorn running on http://127.0.0.1:8000 (Press CTRL+C to quit)
2026-09-01 08:51:47,746 INFO postrack [dde23aa0605e] POST /api/auth/login -> 200 (1253.7 ms)
2026-09-01 08:51:48,210 INFO postrack [22f8e7985a7b] POST /api/auth/login -> 200 (457.4 ms)
2026-09-01 08:51:48,685 INFO postrack [93e8a90ec507] POST /api/auth/login -> 200 (468.8 ms)
2026-09-01 08:51:49,177 INFO postrack [be2946478bcb] POST /api/auth/login -> 200 (467.8 ms)
2026-09-01 08:51:49,662 INFO postrack [b65c342b9d82] POST /api/auth/login -> 200 (480.8 ms)
2026-09-01 08:51:50,174 INFO postrack [d480e6976be5] POST /api/auth/login -> 200 (499.4 ms)
2026-09-01 08:51:50,612 INFO postrack [b3b7010369e5] POST /api/auth/login -> 200 (434.2 ms)
2026-09-01 08:51:51,063 INFO postrack [cc593b38eb11] POST /api/auth/login -> 200 (444.6 ms)
2026-09-01 08:51:51,580 INFO postrack [a65a04e47e15] POST /api/auth/login -> 200 (512.5 ms)
2026-09-01 08:51:52,025 INFO postrack [c2c4e238bf93] POST /api/auth/login -> 200 (440.6 ms)
2026-09-01 08:51:52,526 INFO postrack [0acf9b7001b9] GET /api/partenaires -> 200 (485.1 ms)
2026-09-01 08:51:52,545 INFO postrack [1df5bf4bcc16] GET /api/admin/audit -> 200 (15.9 ms)
2026-09-01 08:51:52,590 INFO postrack [d7340a5119ed] GET /api/partners/2/pos -> 200 (41.9 ms)
2026-09-01 08:51:52,613 INFO postrack [acec309e4e8e] GET /api/partners/2/dsm -> 200 (18.1 ms)
2026-09-01 08:51:52,677 INFO postrack [4f4b383ffc31] GET /api/partners/2/sim -> 200 (36.1 ms)
2026-09-01 08:51:52,712 INFO postrack [919ca77fa3f8] GET /api/partners/2/bts -> 200 (31.3 ms)
2026-09-01 08:51:52,726 INFO postrack [5a2edfb81470] GET /api/partners/2/prime-periods -> 200 (12.1 ms)
2026-09-01 08:51:52,788 INFO postrack [5fb17ebe58c9] GET /api/partners/2/primes -> 200 (59.0 ms)
2026-09-01 08:51:52,807 INFO postrack [ff30d879672a] GET /api/partners/2/primes/commissions -> 200 (16.4 ms)
2026-09-01 08:51:52,868 INFO postrack [a1d3d6503711] GET /api/partners/2/requests/summary -> 200 (42.4 ms)
2026-09-01 08:51:52,920 INFO postrack [181e3c469598] GET /api/partners/2/analytics/dashboard -> 200 (47.4 ms)
2026-09-01 08:51:52,963 INFO postrack [80bd2a8c19fe] GET /api/partners/2/analytics/sales-summary -> 200 (23.3 ms)
2026-09-01 08:51:53,004 INFO postrack [e8c70e661adc] GET /api/partners/2/analytics/monthly-table -> 200 (37.7 ms)
2026-09-01 08:51:53,027 INFO postrack [c0479226c02c] GET /api/partners/2/analytics/loading-summary -> 200 (17.5 ms)
2026-09-01 08:51:53,072 INFO postrack [c55e9a4240de] GET /api/partners/2/dsm-objectives -> 200 (26.4 ms)
2026-09-01 08:51:53,104 INFO postrack [a7ec139cbcd6] GET /api/partners/2/prime-grids -> 200 (28.3 ms)
2026-09-01 08:51:53,122 INFO postrack [a28ed7da141f] GET /api/partners/4/pos -> 200 (13.2 ms)
2026-09-01 08:51:53,137 INFO postrack [cafd17ac8291] GET /api/partners/4/dsm -> 200 (11.4 ms)
2026-09-01 08:51:53,156 INFO postrack [911fb5b21cb2] GET /api/partners/4/sim -> 200 (14.1 ms)
2026-09-01 08:51:53,169 INFO postrack [30098232e5dd] GET /api/partners/4/prime-periods -> 200 (10.0 ms)
2026-09-01 08:51:53,190 INFO postrack [0cb36ada9707] GET /api/partners/4/primes -> 200 (15.1 ms)
2026-09-01 08:51:53,210 INFO postrack [85b8ba5958fe] GET /api/partners/4/requests/summary -> 200 (17.3 ms)
2026-09-01 08:51:53,255 INFO postrack [0da432d01d34] GET /api/partners/4/analytics/dashboard -> 200 (43.3 ms)
2026-09-01 08:51:53,275 INFO postrack [6e4c976f0eaa] GET /api/partners/4/analytics/sales-summary -> 200 (17.3 ms)
2026-09-01 08:51:53,292 INFO postrack [39187868451f] GET /api/partners/4/prime-grids -> 200 (13.7 ms)
2026-09-01 08:51:53,310 INFO postrack [4e27740ff249] GET /api/partners/4/dsm-objectives -> 200 (13.3 ms)
2026-09-01 08:51:53,328 INFO postrack [d8f13b110499] GET /api/partners/4/pos -> 200 (14.4 ms)
2026-09-01 08:51:53,361 INFO postrack [f9e766ad9cd2] GET /api/partners/5/analytics/dashboard -> 200 (30.0 ms)
2026-09-01 08:51:53,378 INFO postrack [830c58f552cc] GET /api/partners/5/prime-periods -> 200 (13.9 ms)
2026-09-01 08:51:53,400 INFO postrack [c083c42ac0af] GET /api/partners/2/pos -> 200 (19.7 ms)
2026-09-01 08:51:53,436 INFO postrack [12f48ef944b0] GET /api/partners/2/analytics/dashboard -> 200 (31.8 ms)
2026-09-01 09:02:15,707 INFO postrack [174212e7c1f9] POST /api/auth/login -> 200 (1636.7 ms)
2026-09-01 09:02:15,821 INFO postrack [90271f751404] GET /api/partenaires/ -> 307 (83.0 ms)
2026-09-01 09:02:15,969 INFO postrack [6ee2e10b386c] GET /api/partenaires -> 200 (136.3 ms)
2026-09-01 09:02:15,979 INFO postrack [458684170319] GET /api/partners/2/pos/ -> 307 (4.1 ms)
2026-09-01 09:02:16,312 INFO postrack [7c1de53cb91d] GET /api/partners/2/pos -> 200 (328.8 ms)
2026-09-01 09:02:16,321 INFO postrack [8adbae917854] GET /api/partners/2/dsm/ -> 307 (3.3 ms)
2026-09-01 09:02:16,359 INFO postrack [09ead870185f] GET /api/partners/2/dsm -> 200 (34.4 ms)
2026-09-01 09:02:16,371 INFO postrack [c060e791d6b5] GET /api/partners/2/sim/summary -> 404 (7.7 ms)
2026-09-01 09:02:16,377 INFO postrack [5c221596a889] GET /api/partners/2/bts/ -> 307 (2.3 ms)
2026-09-01 09:02:16,468 INFO postrack [c09cdfc0e03c] GET /api/partners/2/bts -> 200 (88.2 ms)
2026-09-01 09:02:16,477 INFO postrack [d9a86b86a6fc] GET /api/partners/2/primes/ -> 307 (2.4 ms)
2026-09-01 09:02:16,762 INFO postrack [49cf3b84d1e1] GET /api/partners/2/primes -> 200 (282.8 ms)
2026-09-01 09:02:16,772 INFO postrack [a7eb17850d4a] GET /api/partners/2/prime-periods/ -> 307 (2.7 ms)
2026-09-01 09:02:16,865 INFO postrack [0d069d8b6657] GET /api/partners/2/prime-periods -> 200 (88.5 ms)
2026-09-01 09:02:16,873 INFO postrack [725ad34878a6] GET /api/partners/2/prime-grids/ -> 307 (3.8 ms)
2026-09-01 09:02:17,363 INFO postrack [afbeee43edff] GET /api/partners/2/prime-grids -> 200 (485.8 ms)
2026-09-01 09:02:17,373 INFO postrack [7f39c892c057] GET /api/partners/2/dsm-objectives/ -> 307 (3.2 ms)
2026-09-01 09:02:17,406 INFO postrack [e7a477e2b7cb] GET /api/partners/2/dsm-objectives -> 422 (30.2 ms)
2026-09-01 09:02:17,417 INFO postrack [327b4ce7cf20] GET /api/partners/2/requests/ -> 307 (2.7 ms)
2026-09-01 09:02:17,602 INFO postrack [aa47286b3b22] GET /api/partners/2/requests -> 200 (179.4 ms)
2026-09-01 09:02:17,658 INFO postrack [9a92a4c6e68c] GET /api/partners/2/analytics/dashboard -> 200 (50.2 ms)
2026-09-01 09:02:17,714 INFO postrack [6418b1d9f5ec] GET /api/partners/2/analytics/sales-summary -> 200 (25.7 ms)
2026-09-01 09:02:17,721 INFO postrack [7e427e6c3cd4] GET /api/partners/2/analytics/loading -> 404 (3.7 ms)
2026-09-01 09:02:17,726 INFO postrack [16361b26144e] GET /api/partners/4/pos/ -> 307 (1.4 ms)
2026-09-01 09:02:17,778 INFO postrack [0273e65beb1e] GET /api/partners/4/pos -> 200 (48.2 ms)
2026-09-01 09:02:17,784 INFO postrack [0d128a8b2e35] GET /api/partners/4/dsm/ -> 307 (2.1 ms)
2026-09-01 09:02:17,808 INFO postrack [981a298b337f] GET /api/partners/4/dsm -> 200 (18.6 ms)
2026-09-01 09:02:17,815 INFO postrack [934a9cf3ec7c] GET /api/partners/4/sim/summary -> 404 (2.2 ms)
2026-09-01 09:02:17,821 INFO postrack [cdfe8ddd94b3] GET /api/partners/4/bts/ -> 307 (2.5 ms)
2026-09-01 09:02:17,861 INFO postrack [d068ac830958] GET /api/partners/4/bts -> 200 (36.6 ms)
2026-09-01 09:02:17,867 INFO postrack [f878fdfb7caa] GET /api/partners/4/primes/ -> 307 (1.9 ms)
2026-09-01 09:02:17,899 INFO postrack [e785fa9fbe42] GET /api/partners/4/primes -> 200 (24.2 ms)
2026-09-01 09:02:17,909 INFO postrack [0cb80a90cb7f] GET /api/partners/4/prime-periods/ -> 307 (4.9 ms)
2026-09-01 09:02:17,928 INFO postrack [91d779cc219d] GET /api/partners/4/prime-periods -> 200 (15.0 ms)
2026-09-01 09:02:17,933 INFO postrack [2813f555d26d] GET /api/partners/4/prime-grids/ -> 307 (2.0 ms)
2026-09-01 09:02:17,971 INFO postrack [84d73e4da1cb] GET /api/partners/4/prime-grids -> 200 (29.3 ms)
2026-09-01 09:02:17,979 INFO postrack [33794c72efd4] GET /api/partners/4/dsm-objectives/ -> 307 (2.0 ms)
2026-09-01 09:02:17,996 INFO postrack [7cae642c2ec4] GET /api/partners/4/dsm-objectives -> 422 (12.9 ms)
2026-09-01 09:02:18,008 INFO postrack [296a9b194351] GET /api/partners/4/requests/ -> 307 (5.3 ms)
2026-09-01 09:02:18,034 INFO postrack [f47a2a7e67ef] GET /api/partners/4/requests -> 200 (22.9 ms)
2026-09-01 09:02:18,080 INFO postrack [aa9417a3299a] GET /api/partners/4/analytics/dashboard -> 200 (38.0 ms)
2026-09-01 09:02:18,145 INFO postrack [c5046c7c8469] GET /api/partners/4/analytics/sales-summary -> 200 (61.0 ms)
2026-09-01 09:02:18,151 INFO postrack [9555b6827996] GET /api/partners/4/analytics/loading -> 404 (3.0 ms)
2026-09-01 09:02:34,539 INFO postrack [5170b2ea107b] GET /api/auth/partenaires/available -> 401 (30.4 ms)
2026-09-01 09:02:34,708 INFO postrack [853f89aba3fe] GET /api/auth/me -> 401 (8.0 ms)
2026-09-01 09:02:34,759 INFO postrack [e239f5e02131] GET /api/auth/partenaires/available -> 401 (10.9 ms)
2026-09-01 09:02:34,763 INFO postrack [42f406df32fe] GET /api/auth/me -> 401 (9.4 ms)
2026-09-01 09:02:34,933 INFO postrack [b58bdb797fcb] POST /api/auth/refresh -> 200 (154.1 ms)
2026-09-01 09:02:34,944 INFO postrack [79cb92813089] GET /api/auth/partenaires/available -> 401 (7.7 ms)
2026-09-01 09:02:35,101 INFO postrack [8090b3507483] GET /api/auth/partenaires/available -> 200 (83.3 ms)
2026-09-01 09:02:35,169 INFO postrack [6db4abd0382e] GET /api/auth/me -> 200 (147.5 ms)
2026-09-01 09:02:35,176 INFO postrack [d9a65da33a98] POST /api/auth/refresh -> 200 (138.9 ms)
2026-09-01 09:02:35,192 INFO postrack [c96d33ded279] GET /api/auth/partenaires/available -> 200 (78.6 ms)
2026-09-01 09:02:35,200 INFO postrack [ac7fb1714a2c] GET /api/auth/me -> 200 (16.1 ms)
2026-09-01 09:02:35,347 INFO postrack [66fa2a1229c6] GET /api/auth/partenaires/available -> 200 (14.7 ms)
2026-09-01 09:02:35,447 INFO postrack [492e08a9d640] GET /api/auth/partenaires/available -> 200 (17.9 ms)
2026-09-01 09:02:36,389 INFO postrack [a92568b6cfb3] GET /api/partners/4/bts -> 200 (28.9 ms)
2026-09-01 09:02:36,417 INFO postrack [2da2216b4fc8] GET /api/partners/4/bts -> 200 (21.2 ms)
2026-09-01 09:09:03,327 INFO postrack [7861c464a1c1] POST /api/auth/login -> 200 (2605.5 ms)
2026-09-01 09:09:03,969 INFO postrack [a8ddbbc94339] POST /api/auth/login -> 200 (626.5 ms)
2026-09-01 09:09:04,493 INFO postrack [7836eda2eab5] POST /api/auth/login -> 200 (520.4 ms)
2026-09-01 09:09:04,941 INFO postrack [dcf113343507] POST /api/auth/login -> 200 (445.4 ms)
2026-09-01 09:09:05,412 INFO postrack [f28edda356d9] POST /api/auth/login -> 200 (468.3 ms)
2026-09-01 09:09:05,874 INFO postrack [6ad1efd19b41] POST /api/auth/login -> 200 (458.3 ms)
2026-09-01 09:09:06,319 INFO postrack [13657f54b070] POST /api/auth/login -> 200 (442.4 ms)
2026-09-01 09:09:06,761 INFO postrack [1c8cf7df2419] POST /api/auth/login -> 200 (438.6 ms)
2026-09-01 09:09:07,207 INFO postrack [2b88dfb72b81] POST /api/auth/login -> 200 (444.0 ms)
2026-09-01 09:09:07,669 INFO postrack [e6bced41cf26] POST /api/auth/login -> 200 (458.9 ms)
2026-09-01 09:09:07,756 INFO postrack [db989e7e6707] GET /api/partenaires -> 200 (80.4 ms)
2026-09-01 09:09:07,778 INFO postrack [ac73ed4a7d55] GET /api/admin/audit -> 200 (20.4 ms)
2026-09-01 09:09:07,844 INFO postrack [46a4c72f282a] GET /api/partners/2/pos -> 200 (63.1 ms)
2026-09-01 09:09:07,866 INFO postrack [11eb7fffaa47] GET /api/partners/2/dsm -> 200 (16.9 ms)
2026-09-01 09:09:07,895 INFO postrack [841ef9463b74] GET /api/partners/2/sim -> 200 (25.1 ms)
2026-09-01 09:09:07,964 INFO postrack [89a5ccb0dd03] GET /api/partners/2/bts -> 200 (48.4 ms)
2026-09-01 09:09:07,989 INFO postrack [0f2847a0345e] GET /api/partners/2/prime-periods -> 200 (12.9 ms)
2026-09-01 09:09:08,059 INFO postrack [8e7f39632f76] GET /api/partners/2/primes -> 200 (67.3 ms)
2026-09-01 09:09:08,078 INFO postrack [bfcd45e12b03] GET /api/partners/2/primes/commissions -> 200 (16.5 ms)
2026-09-01 09:09:08,127 INFO postrack [bd3e9c7c575f] GET /api/partners/2/requests/summary -> 200 (46.2 ms)
2026-09-01 09:09:08,188 INFO postrack [c2bd1bb9d2b7] GET /api/partners/2/analytics/dashboard -> 200 (58.2 ms)
2026-09-01 09:09:08,228 INFO postrack [e9c2f8054c47] GET /api/partners/2/analytics/sales-summary -> 200 (33.0 ms)
2026-09-01 09:09:08,279 INFO postrack [c80f5d82dc1c] GET /api/partners/2/analytics/monthly-table -> 200 (47.5 ms)
2026-09-01 09:09:08,298 INFO postrack [8777ef3c062f] GET /api/partners/2/analytics/loading-summary -> 200 (17.1 ms)
2026-09-01 09:09:08,316 INFO postrack [8a2c23c07fa9] GET /api/partners/2/dsm-objectives -> 200 (14.0 ms)
2026-09-01 09:09:08,337 INFO postrack [ac3eecb57f47] GET /api/partners/2/prime-grids -> 200 (16.7 ms)
2026-09-01 09:09:08,356 INFO postrack [1c9552b3c17b] GET /api/partners/4/pos -> 200 (14.0 ms)
2026-09-01 09:09:08,370 INFO postrack [0a0a4c00291e] GET /api/partners/4/dsm -> 200 (11.6 ms)
2026-09-01 09:09:08,390 INFO postrack [b5f98fd869fd] GET /api/partners/4/sim -> 200 (14.4 ms)
2026-09-01 09:09:08,401 INFO postrack [c4f1cecd3693] GET /api/partners/4/prime-periods -> 200 (8.7 ms)
2026-09-01 09:09:08,422 INFO postrack [a6fb5fb970e3] GET /api/partners/4/primes -> 200 (15.2 ms)
2026-09-01 09:09:08,442 INFO postrack [39fe9797cdee] GET /api/partners/4/requests/summary -> 200 (17.3 ms)
2026-09-01 09:09:08,465 INFO postrack [07dd8cec21f4] GET /api/partners/4/analytics/dashboard -> 200 (20.2 ms)
2026-09-01 09:09:08,483 INFO postrack [969667ab0b83] GET /api/partners/4/analytics/sales-summary -> 200 (13.9 ms)
2026-09-01 09:09:08,498 INFO postrack [083b52b717c3] GET /api/partners/4/prime-grids -> 200 (10.4 ms)
2026-09-01 09:09:08,512 INFO postrack [0ee9bb11ff99] GET /api/partners/4/dsm-objectives -> 200 (10.6 ms)
2026-09-01 09:09:08,529 INFO postrack [34fd07b1b1f1] GET /api/partners/4/pos -> 200 (13.6 ms)
2026-09-01 09:09:08,564 INFO postrack [6faa336d1527] GET /api/partners/5/analytics/dashboard -> 200 (31.9 ms)
2026-09-01 09:09:08,580 INFO postrack [83d4b1f8bbbe] GET /api/partners/5/prime-periods -> 200 (10.9 ms)
2026-09-01 09:09:08,604 INFO postrack [a590ed07ae15] GET /api/partners/2/pos -> 200 (21.7 ms)
2026-09-01 09:09:08,632 INFO postrack [0b49587976c5] GET /api/partners/2/analytics/dashboard -> 200 (21.5 ms)
2026-09-01 09:13:53,579 INFO postrack [f570a5d9616f] GET /docs -> 200 (55.0 ms)
C:\Users\HP\AppData\Local\Programs\Python\Python312\Lib\site-packages\fastapi\openapi\utils.py:303: UserWarning: Duplicate Operation ID me_api_auth_me_get for function me at C:\Users\HP\Desktop\POSTrack\backend\app\api\auth.py
  warnings.warn(message, stacklevel=1)
2026-09-01 09:13:56,505 INFO postrack [c2ec4464bba0] GET /openapi.json -> 200 (2903.7 ms)
2026-09-01 09:16:55,277 INFO postrack [ffdd01a44da4] GET /api/auth/me -> 200 (317.0 ms)
2026-09-01 09:16:55,301 INFO postrack [c777601bfdd4] GET /api/auth/partenaires/available -> 200 (410.0 ms)
2026-09-01 09:16:55,327 INFO postrack [27cfad38655f] GET /api/auth/me -> 200 (23.2 ms)
2026-09-01 09:16:55,333 INFO postrack [d7b096b6a541] GET /api/auth/partenaires/available -> 200 (19.3 ms)
2026-09-01 09:16:55,370 INFO postrack [4a116c2e9860] GET /api/auth/partenaires/available -> 200 (20.2 ms)
2026-09-01 09:16:55,429 INFO postrack [3c06acc4edb3] GET /api/auth/partenaires/available -> 200 (31.8 ms)
2026-09-01 09:16:55,461 INFO postrack [a4713f13e313] GET /api/auth/partenaires/available -> 200 (24.7 ms)
2026-09-01 09:16:55,957 INFO postrack [78750ad82b85] GET /api/partners/4/bts -> 200 (96.6 ms)
2026-09-01 09:16:56,002 INFO postrack [3b48aee25d0a] GET /api/partners/4/bts -> 200 (32.2 ms)
2026-09-01 09:18:57,105 INFO postrack [6af81f8da007] GET /api/partners/4/analytics/loading-summary -> 200 (146.0 ms)
2026-09-01 09:18:57,168 INFO postrack [e33283933124] GET /api/partners/4/analytics/sales-summary -> 200 (236.0 ms)
2026-09-01 09:18:57,210 INFO postrack [9336c4cc62c8] GET /api/partners/4/analytics/sales-targets -> 200 (224.2 ms)
2026-09-01 09:18:57,216 INFO postrack [76b8cab5f5d9] GET /api/partners/4/analytics/dsm-summary -> 200 (247.5 ms)
2026-09-01 09:18:57,281 INFO postrack [b9296ae75f93] GET /api/partners/4/analytics/monthly-table -> 200 (315.7 ms)
2026-09-01 09:18:57,314 INFO postrack [a1948eb6904b] GET /api/partners/4/analytics/dashboard -> 200 (320.0 ms)
2026-09-01 09:18:57,359 INFO postrack [17f142915675] GET /api/partners/4/analytics/loading-summary -> 200 (204.2 ms)
2026-09-01 09:18:57,392 INFO postrack [a813454c9ff4] GET /api/partners/4/analytics/sales-summary -> 200 (206.1 ms)
2026-09-01 09:18:57,412 INFO postrack [4b40cb8d8d40] GET /api/partners/4/analytics/monthly-table -> 200 (116.8 ms)
2026-09-01 09:18:57,417 INFO postrack [1c4b07dfadf8] GET /api/partners/4/analytics/sales-targets -> 200 (148.5 ms)
2026-09-01 09:18:57,435 INFO postrack [e2b6625bace1] GET /api/partners/4/analytics/dsm-summary -> 200 (155.2 ms)
2026-09-01 09:18:57,459 INFO postrack [e34beba7d600] GET /api/partners/4/analytics/dashboard -> 200 (104.7 ms)
2026-09-01 09:18:58,654 INFO postrack [f6ef71085332] GET /api/partenaires -> 200 (111.9 ms)
2026-09-01 09:18:58,725 INFO postrack [0e5d9c9db006] GET /api/partners/4/dsm -> 200 (176.5 ms)
2026-09-01 09:18:58,787 INFO postrack [765cd4d56d0a] GET /api/partenaires -> 200 (100.4 ms)
2026-09-01 09:18:58,813 INFO postrack [0a5083e1d556] GET /api/partners/4/dsm -> 200 (68.6 ms)
2026-09-01 09:18:58,919 INFO postrack [8432b4ed0cc4] GET /api/partners/4/pos/enriched -> 200 (365.1 ms)
2026-09-01 09:18:59,057 INFO postrack [273f4788f878] GET /api/partners/4/pos/enriched -> 200 (131.9 ms)
2026-09-01 09:19:27,589 INFO postrack [d0651abf4217] GET /api/partenaires/4/identity -> 200 (87.4 ms)
2026-09-01 09:19:27,592 INFO postrack [ed12569f3fb0] GET /api/partners/4/analytics/sales-summary -> 200 (91.8 ms)
2026-09-01 09:19:27,621 INFO postrack [36c16aab4071] GET /api/partners/4/analytics/dashboard -> 200 (126.9 ms)
2026-09-01 09:19:27,663 INFO postrack [d4458672e87c] GET /api/partenaires/4/identity -> 200 (63.0 ms)
2026-09-01 09:19:27,675 INFO postrack [014d1aafa46a] GET /api/partners/4/analytics/sales-summary -> 200 (65.8 ms)
2026-09-01 09:19:27,684 INFO postrack [d24d379c072e] GET /api/partners/4/pos/enriched -> 200 (184.6 ms)
2026-09-01 09:19:27,692 INFO postrack [f3b77ddebf4c] GET /api/partners/4/analytics/dashboard -> 200 (59.2 ms)
2026-09-01 09:19:27,746 INFO postrack [7ea7f2cacfb0] GET /api/partners/4/pos/enriched -> 200 (49.5 ms)
2026-09-01 09:19:58,451 INFO postrack [50b1326103f7] GET /api/partners/4/analytics/sales-targets -> 200 (102.2 ms)
2026-09-01 09:19:58,462 INFO postrack [dacc38456780] GET /api/partners/4/analytics/loading-summary -> 200 (113.9 ms)
2026-09-01 09:19:58,474 INFO postrack [2f65f0e9de97] GET /api/partners/4/analytics/sales-summary -> 200 (125.4 ms)
2026-09-01 09:19:58,494 INFO postrack [2b0ff583792e] GET /api/partners/4/analytics/dsm-summary -> 200 (133.0 ms)
2026-09-01 09:19:58,525 INFO postrack [bf003a22195d] GET /api/partners/4/analytics/monthly-table -> 200 (165.8 ms)
2026-09-01 09:19:58,542 INFO postrack [39c68d1a8aed] GET /api/partners/4/analytics/dashboard -> 200 (182.1 ms)
2026-09-01 09:19:58,627 INFO postrack [c3b21c35165f] GET /api/partners/4/analytics/sales-targets -> 200 (124.9 ms)
2026-09-01 09:19:58,632 INFO postrack [548e53774eb5] GET /api/partners/4/analytics/loading-summary -> 200 (107.5 ms)
2026-09-01 09:19:58,641 INFO postrack [f65d9ddddce9] GET /api/partners/4/analytics/sales-summary -> 200 (113.4 ms)
2026-09-01 09:19:58,677 INFO postrack [24af2866852b] GET /api/partners/4/analytics/monthly-table -> 200 (130.9 ms)
2026-09-01 09:19:58,685 INFO postrack [5de73c9bf07b] GET /api/partners/4/analytics/dsm-summary -> 200 (153.0 ms)
2026-09-01 09:19:58,713 INFO postrack [72a55cad3b51] GET /api/partners/4/analytics/dashboard -> 200 (150.5 ms)
2026-09-01 09:20:10,666 INFO postrack [710f4a65f4dd] GET /api/partners/4/prime-grids -> 200 (40.8 ms)
2026-09-01 09:20:10,697 INFO postrack [864c013a276e] GET /api/partners/4/prime-grids -> 200 (18.2 ms)
2026-09-01 09:20:13,461 INFO postrack [3e08789f3019] GET /api/partners/4/prime-periods -> 200 (28.2 ms)
2026-09-01 09:20:13,494 INFO postrack [460361a091c7] GET /api/partners/4/prime-periods -> 200 (15.9 ms)
2026-09-01 09:20:13,564 INFO postrack [1a5d42ffcdb2] GET /api/partners/4/primes/dsm-summary -> 200 (46.9 ms)
2026-09-01 09:20:46,447 INFO postrack [02f8e1f2e9bd] POST /api/partners/4/primes/calculate-dsm -> 200 (154.0 ms)
2026-09-01 09:20:46,467 INFO postrack [ccce53aacd98] GET /api/partners/4/primes/dsm-summary -> 200 (11.7 ms)
2026-09-01 09:21:23,347 INFO postrack [4cdbac547576] GET /api/partners/4/prime-grids -> 200 (23.7 ms)
2026-09-01 09:21:23,378 INFO postrack [142ee59d9b09] GET /api/partners/4/prime-grids -> 200 (21.6 ms)
2026-09-01 09:21:26,680 INFO postrack [ad5c941da680] GET /api/partners/4/users -> 404 (6.7 ms)
2026-09-01 09:21:26,699 INFO postrack [32492c6e7db8] GET /api/partners/4/users -> 404 (5.4 ms)
2026-09-01 09:21:26,714 INFO postrack [76c73209d136] GET /api/partenaires -> 200 (46.4 ms)
2026-09-01 09:21:26,760 INFO postrack [f18d97a88221] GET /api/partenaires -> 200 (23.3 ms)
2026-09-01 09:21:35,964 INFO postrack [a2043adc0c50] GET /api/partners/4/analytics/sales-targets -> 200 (22.0 ms)
2026-09-01 09:21:35,989 INFO postrack [761d6efef28e] GET /api/partners/4/analytics/sales-targets -> 200 (8.9 ms)
2026-09-01 09:21:45,423 INFO postrack [5fd8a0dd47a7] GET /api/partners/4/dsm/dashboard -> 200 (79.5 ms)
2026-09-01 09:21:45,468 INFO postrack [645e7f2058e0] GET /api/partners/4/dsm/dashboard -> 200 (39.6 ms)
2026-09-01 09:22:12,893 INFO postrack [76c3d90993bb] GET /api/partners/4/dsm/13/dashboard -> 200 (84.7 ms)
2026-09-01 09:22:12,965 INFO postrack [23ffa1737da7] GET /api/partners/4/requests/dsm/13/summary -> 200 (28.7 ms)
2026-09-01 09:22:13,003 INFO postrack [e215bd730015] GET /api/partners/4/dsm/13/dashboard -> 200 (68.1 ms)
2026-09-01 09:22:13,023 INFO postrack [44e0b0d27f86] GET /api/partners/4/requests/dsm/13/summary -> 200 (9.0 ms)
2026-09-01 09:22:13,162 INFO postrack [4edf7d986c8f] GET /api/partners/4/pos/stats/linkage -> 200 (68.6 ms)
2026-09-01 09:22:13,169 INFO postrack [a372477511e8] GET /api/partners/4/pos/stats/types -> 200 (64.5 ms)
2026-09-01 09:22:13,235 INFO postrack [6e7e245aa591] GET /api/partners/4/pos/stats/linkage -> 200 (49.3 ms)
2026-09-01 09:22:13,251 INFO postrack [c185191d2ac6] GET /api/partners/4/dsm/13/geo -> 200 (138.2 ms)
2026-09-01 09:22:13,254 INFO postrack [d07a18210dea] GET /api/partners/4/pos/stats/types -> 200 (67.5 ms)
2026-09-01 09:22:13,297 INFO postrack [16c1cd31be4b] GET /api/partners/4/dsm/13/geo -> 200 (35.7 ms)
2026-09-01 09:22:28,183 INFO postrack [5efda6124868] GET /api/partners/4/sim -> 200 (50.0 ms)
2026-09-01 09:22:28,187 INFO postrack [04344ac2db22] GET /api/partners/4/pos -> 200 (47.5 ms)
2026-09-01 09:22:28,226 INFO postrack [76d68ec03384] GET /api/partners/4/sim -> 200 (34.3 ms)
2026-09-01 09:22:28,228 INFO postrack [523cd2992a99] GET /api/partners/4/pos -> 200 (29.9 ms)
2026-09-01 09:22:33,502 INFO postrack [18a2579287ef] GET /api/partners/4/dsm -> 200 (46.7 ms)
2026-09-01 09:22:33,530 INFO postrack [8096a80956a2] GET /api/partners/4/requests -> 200 (75.4 ms)
2026-09-01 09:22:33,567 INFO postrack [0366f32f92e0] GET /api/partners/4/dsm -> 200 (44.7 ms)
2026-09-01 09:22:33,594 INFO postrack [abc3c4219e30] GET /api/partners/4/requests -> 200 (41.5 ms)
